[2025-11-18 23:21:19] Pass 1 complete
[2025-11-18 23:21:21] Pass 2 complete
[2025-11-18 23:21:22] Pass 3 complete
[2025-11-18 23:21:24] Pass 4 complete
[2025-11-18 23:21:26] Pass 5 complete
[2025-11-18 23:21:27] Pass 6 complete
[2025-11-18 23:21:29] Pass 7 complete
[2025-11-18 23:21:31] Pass 8 complete
[2025-11-18 23:21:32] Pass 9 complete
[2025-11-18 23:21:34] Pass 10 complete
[2025-11-18 23:21:36] Pass 11 complete
[2025-11-18 23:21:37] Pass 12 complete
[2025-11-18 23:21:39] Pass 13 complete
[2025-11-18 23:21:41] Pass 14 complete
[2025-11-18 23:21:42] Pass 15 complete
[2025-11-18 23:21:44] Pass 16 complete
[2025-11-18 23:21:46] Pass 17 complete
[2025-11-18 23:21:48] Pass 18 complete
[2025-11-18 23:21:49] Pass 19 complete
[2025-11-18 23:21:51] Pass 20 complete
[2025-11-18 23:21:53] Pass 21 complete
[2025-11-18 23:21:54] Pass 22 complete
[2025-11-18 23:21:56] Pass 23 complete
[2025-11-18 23:21:58] Pass 24 complete
[2025-11-18 23:22:00] Pass 25 complete
[2025-11-18 23:22:01] Pass 26 complete
[2025-11-18 23:22:03] Pass 27 complete
[2025-11-18 23:22:05] Pass 28 complete
[2025-11-18 23:22:06] Pass 29 complete
[2025-11-18 23:22:08] Pass 30 complete
[2025-11-18 23:22:10] Pass 31 complete
[2025-11-18 23:22:11] Pass 32 complete
[2025-11-18 23:22:13] Pass 33 complete
[2025-11-18 23:22:15] Pass 34 complete
[2025-11-18 23:22:16] Pass 35 complete
[2025-11-18 23:22:16] File deleted: ./test/200MB_VID.mp4
[2025-11-18 23:22:16] Windows: Running cipher /w
[2025-11-18 23:40:04] Pass 1 complete
[2025-11-18 23:40:04] Pass 2 complete
[2025-11-18 23:40:04] Pass 3 complete
[2025-11-18 23:40:04] Pass 4 complete
[2025-11-18 23:40:04] Pass 5 complete
[2025-11-18 23:40:04] Pass 6 complete
[2025-11-18 23:40:04] Pass 7 complete
[2025-11-18 23:40:04] Pass 8 complete
[2025-11-18 23:40:04] Pass 9 complete
[2025-11-18 23:40:04] Pass 10 complete
[2025-11-18 23:40:04] Pass 11 complete
[2025-11-18 23:40:04] Pass 12 complete
[2025-11-18 23:40:04] Pass 13 complete
[2025-11-18 23:40:04] Pass 14 complete
[2025-11-18 23:40:04] Pass 15 complete
[2025-11-18 23:40:04] Pass 16 complete
[2025-11-18 23:40:04] Pass 17 complete
[2025-11-18 23:40:04] Pass 18 complete
[2025-11-18 23:40:04] Pass 19 complete
[2025-11-18 23:40:04] Pass 20 complete
[2025-11-18 23:40:04] Pass 21 complete
[2025-11-18 23:40:04] Pass 22 complete
[2025-11-18 23:40:04] Pass 23 complete
[2025-11-18 23:40:04] Pass 24 complete
[2025-11-18 23:40:04] Pass 25 complete
[2025-11-18 23:40:04] Pass 26 complete
[2025-11-18 23:40:04] Pass 27 complete
[2025-11-18 23:40:04] Pass 28 complete
[2025-11-18 23:40:04] Pass 29 complete
[2025-11-18 23:40:04] Pass 30 complete
[2025-11-18 23:40:04] Pass 31 complete
[2025-11-18 23:40:04] Pass 32 complete
[2025-11-18 23:40:04] Pass 33 complete
[2025-11-18 23:40:04] Pass 34 complete
[2025-11-18 23:40:04] Pass 35 complete
[2025-11-18 23:40:04] File deleted: ./test/demo_enhanced.sh
[2025-11-18 23:41:17] Pass 1 complete
[2025-11-18 23:41:18] Pass 2 complete
[2025-11-18 23:41:20] Pass 3 complete
[2025-11-18 23:41:22] Pass 4 complete
[2025-11-18 23:41:23] Pass 5 complete
[2025-11-18 23:41:25] Pass 6 complete
[2025-11-18 23:41:26] Pass 7 complete
[2025-11-18 23:41:28] Pass 8 complete
[2025-11-18 23:41:29] Pass 9 complete
[2025-11-18 23:41:31] Pass 10 complete
[2025-11-18 23:41:32] Pass 11 complete
[2025-11-18 23:41:34] Pass 12 complete
[2025-11-18 23:41:36] Pass 13 complete
[2025-11-18 23:41:38] Pass 14 complete
[2025-11-18 23:41:39] Pass 15 complete
[2025-11-18 23:41:41] Pass 16 complete
[2025-11-18 23:41:43] Pass 17 complete
[2025-11-18 23:41:45] Pass 18 complete
[2025-11-18 23:41:46] Pass 19 complete
[2025-11-18 23:41:48] Pass 20 complete
[2025-11-18 23:41:50] Pass 21 complete
[2025-11-18 23:41:51] Pass 22 complete
[2025-11-18 23:41:53] Pass 23 complete
[2025-11-18 23:41:55] Pass 24 complete
[2025-11-18 23:41:57] Pass 25 complete
[2025-11-18 23:41:58] Pass 26 complete
[2025-11-18 23:42:00] Pass 27 complete
[2025-11-18 23:42:02] Pass 28 complete
[2025-11-18 23:42:03] Pass 29 complete
[2025-11-18 23:42:05] Pass 30 complete
[2025-11-18 23:42:07] Pass 31 complete
[2025-11-18 23:42:08] Pass 32 complete
[2025-11-18 23:42:10] Pass 33 complete
[2025-11-18 23:42:12] Pass 34 complete
[2025-11-18 23:42:14] Pass 35 complete
[2025-11-18 23:42:14] File deleted: ./test/200MB_VID_2.mp4
[2025-11-18 23:42:14] Windows: Running cipher /w
[2025-11-18 23:55:50] Pass 1 complete
[2025-11-18 23:55:51] Pass 2 complete
[2025-11-18 23:55:53] Pass 3 complete
[2025-11-18 23:55:55] Pass 4 complete
[2025-11-18 23:55:56] Pass 5 complete
[2025-11-18 23:55:58] Pass 6 complete
[2025-11-18 23:56:00] Pass 7 complete
[2025-11-18 23:56:02] Pass 8 complete
[2025-11-18 23:56:03] Pass 9 complete
[2025-11-18 23:56:05] Pass 10 complete
[2025-11-18 23:56:07] Pass 11 complete
[2025-11-18 23:56:08] Pass 12 complete
[2025-11-18 23:56:10] Pass 13 complete
[2025-11-18 23:56:12] Pass 14 complete
[2025-11-18 23:56:14] Pass 15 complete
[2025-11-18 23:56:15] Pass 16 complete
[2025-11-18 23:56:17] Pass 17 complete
[2025-11-18 23:56:19] Pass 18 complete
[2025-11-18 23:56:20] Pass 19 complete
[2025-11-18 23:56:22] Pass 20 complete
[2025-11-18 23:56:24] Pass 21 complete
[2025-11-18 23:56:26] Pass 22 complete
[2025-11-18 23:56:27] Pass 23 complete
[2025-11-18 23:56:29] Pass 24 complete
[2025-11-18 23:56:31] Pass 25 complete
[2025-11-18 23:56:32] Pass 26 complete
[2025-11-18 23:56:34] Pass 27 complete
[2025-11-18 23:56:36] Pass 28 complete
[2025-11-18 23:56:38] Pass 29 complete
[2025-11-18 23:56:39] Pass 30 complete
[2025-11-18 23:56:41] Pass 31 complete
[2025-11-18 23:56:43] Pass 32 complete
[2025-11-18 23:56:44] Pass 33 complete
[2025-11-18 23:56:46] Pass 34 complete
[2025-11-18 23:56:48] Pass 35 complete
[2025-11-18 23:56:48] File deleted: ./test/200MB_VID_2.mp4
[2025-11-18 23:57:50] Pass 1 complete
[2025-11-18 23:57:51] Pass 2 complete
[2025-11-18 23:57:53] Pass 3 complete
[2025-11-18 23:57:55] Pass 4 complete
[2025-11-18 23:57:57] Pass 5 complete
[2025-11-18 23:57:58] Pass 6 complete
[2025-11-18 23:58:00] Pass 7 complete
[2025-11-18 23:58:02] Pass 8 complete
[2025-11-18 23:58:03] Pass 9 complete
[2025-11-18 23:58:05] Pass 10 complete
[2025-11-18 23:58:07] Pass 11 complete
[2025-11-18 23:58:08] Pass 12 complete
[2025-11-18 23:58:10] Pass 13 complete
[2025-11-18 23:58:12] Pass 14 complete
[2025-11-18 23:58:14] Pass 15 complete
[2025-11-18 23:58:15] Pass 16 complete
[2025-11-18 23:58:17] Pass 17 complete
[2025-11-18 23:58:19] Pass 18 complete
[2025-11-18 23:58:20] Pass 19 complete
[2025-11-18 23:58:22] Pass 20 complete
[2025-11-18 23:58:24] Pass 21 complete
[2025-11-18 23:58:25] Pass 22 complete
[2025-11-18 23:58:27] Pass 23 complete
[2025-11-18 23:58:29] Pass 24 complete
[2025-11-18 23:58:31] Pass 25 complete
[2025-11-18 23:58:32] Pass 26 complete
[2025-11-18 23:58:34] Pass 27 complete
[2025-11-18 23:58:36] Pass 28 complete
[2025-11-18 23:58:37] Pass 29 complete
[2025-11-18 23:58:39] Pass 30 complete
[2025-11-18 23:58:41] Pass 31 complete
[2025-11-18 23:58:43] Pass 32 complete
[2025-11-18 23:58:44] Pass 33 complete
[2025-11-18 23:58:46] Pass 34 complete
[2025-11-18 23:58:48] Pass 35 complete
[2025-11-18 23:58:48] File deleted: ./test/200MB_VID_2.mp4
[2025-11-18 23:58:48] Windows: Running cipher /w
[2025-11-19 00:02:10] Process cancelled by user (SIGINT)
[2025-11-19 00:09:13] Pass 1 complete
[2025-11-19 00:09:13] Pass 2 complete
[2025-11-19 00:09:13] Pass 3 complete
[2025-11-19 00:09:13] Pass 4 complete
[2025-11-19 00:09:13] Pass 5 complete
[2025-11-19 00:09:13] Pass 6 complete
[2025-11-19 00:09:13] Pass 7 complete
[2025-11-19 00:09:13] Pass 8 complete
[2025-11-19 00:09:13] Pass 9 complete
[2025-11-19 00:09:13] Pass 10 complete
[2025-11-19 00:09:13] Pass 11 complete
[2025-11-19 00:09:13] Pass 12 complete
[2025-11-19 00:09:13] Pass 13 complete
[2025-11-19 00:09:13] Pass 14 complete
[2025-11-19 00:09:13] Pass 15 complete
[2025-11-19 00:09:13] Pass 16 complete
[2025-11-19 00:09:13] Pass 17 complete
[2025-11-19 00:09:13] Pass 18 complete
[2025-11-19 00:09:13] Pass 19 complete
[2025-11-19 00:09:13] Pass 20 complete
[2025-11-19 00:09:13] Pass 21 complete
[2025-11-19 00:09:13] Pass 22 complete
[2025-11-19 00:09:13] Pass 23 complete
[2025-11-19 00:09:13] Pass 24 complete
[2025-11-19 00:09:13] Pass 25 complete
[2025-11-19 00:09:13] Pass 26 complete
[2025-11-19 00:09:13] Pass 27 complete
[2025-11-19 00:09:13] Pass 28 complete
[2025-11-19 00:09:13] Pass 29 complete
[2025-11-19 00:09:13] Pass 30 complete
[2025-11-19 00:09:13] Pass 31 complete
[2025-11-19 00:09:13] Pass 32 complete
[2025-11-19 00:09:13] Pass 33 complete
[2025-11-19 00:09:13] Pass 34 complete
[2025-11-19 00:09:13] Pass 35 complete
[2025-11-19 00:09:13] File deleted: ./test/mini_signal_chat.jsx
[2025-11-19 00:09:13] Windows: Running cipher /w
[2025-11-19 00:09:14] Process cancelled by user (SIGINT)
